// Jest Snapshot v1, https://goo.gl/fbAQLP

exports[`N-API generated client 1`] = `Array []`;

exports[`N-API generated client 2`] = `
Object {
  "id": 1,
  "title": "Test",
  "userId": 1,
}
`;

exports[`N-API generated client 3`] = `
Object {
  "posts": Object {
    "count": 1,
  },
  "users": Object {
    "count": 1,
  },
}
`;

exports[`N-API has n-api library 1`] = `
Array [
  "index-browser.js",
  "index.d.ts",
  "index.js",
  "libquery_engine_napi-debian-openssl-1.1.x.so.node",
  "package.json",
  "schema.prisma",
]
`;
