// Jest Snapshot v1, https://goo.gl/fbAQLP

exports[`prisma db seed successfully seeds the database 1`] = `
Array [
  Object {
    "email": "alice@prisma.io",
    "id": 1,
    "name": "Alice",
  },
  Object {
    "email": "nilu@prisma.io",
    "id": 2,
    "name": "Nilu",
  },
  Object {
    "email": "mahmoud@prisma.io",
    "id": 3,
    "name": "Mahmoud",
  },
]
`;
