// Jest Snapshot v1, https://goo.gl/fbAQLP

exports[`should test Prisma client and PgBouncer should fail with default heroku pgbouncer without the pgbouncer query string param 1`] = `Array []`;

exports[`should test Prisma client and PgBouncer should fail with default heroku pgbouncer without the pgbouncer query string param 2`] = `Array []`;

exports[`should test Prisma client and PgBouncer should work with default heroku pgbouncer with the pgbouncer query string param 1`] = `Array []`;

exports[`should test Prisma client and PgBouncer should work with default heroku pgbouncer with the pgbouncer query string param 2`] = `Array []`;
