// Jest Snapshot v1, https://goo.gl/fbAQLP

exports[`should test Prisma client and PgBouncer should fail with default heroku pgbouncer without the pgbouncer query string param 1`] = `
[Error: 
Invalid \`prisma.user.findMany()\` invocation:


  Error occurred during query execution:
ConnectorError(ConnectorError { user_facing_error: None, kind: QueryError(Error { kind: Db, cause: Some(DbError { severity: "ERROR", parsed_severity: Some(Error), code: SqlState("42P05"), message: "prepared statement \\"s0\\" already exists", detail: None, hint: None, position: None, where_: None, schema: None, table: None, column: None, datatype: None, constraint: None, file: Some("prepare.c"), line: Some(466), routine: Some("StorePreparedStatement") }) }) })]
`;

exports[`should test Prisma client and PgBouncer should work with default heroku pgbouncer with the pgbouncer query string param 1`] = `[]`;

exports[`should test Prisma client and PgBouncer should work with default heroku pgbouncer with the pgbouncer query string param 2`] = `[]`;
