// Jest Snapshot v1, https://goo.gl/fbAQLP

exports[`should test prisma client and postgres should verify that the prisma client automatically recovers after an interrupted db server connection 1`] = `
[Error: 
Invalid \`prisma.user.findMany()\` invocation:


  Can't reach database server at \`localhost\`:\`3100\`

Please make sure your database server is running at \`localhost\`:\`3100\`.]
`;
