// Jest Snapshot v1, https://goo.gl/fbAQLP

exports[`should test Prisma client and pgBouncer should work with default do pgBouncer with the forcedTransactions flag 1`] = `
Array [
  Object {
    "email": "alice-d97227bb-97b6-4a6d-81bf-04322b686165@prisma.io",
    "id": "d97227bb-97b6-4a6d-81bf-04322b686165",
    "name": "Alice",
  },
]
`;

exports[`should test Prisma client and pgBouncer should work with default do pgBouncer without the forcedTransactions flag 1`] = `
Array [
  Object {
    "email": "alice-d97227bb-97b6-4a6d-81bf-04322b686165@prisma.io",
    "id": "d97227bb-97b6-4a6d-81bf-04322b686165",
    "name": "Alice",
  },
]
`;
