// Jest Snapshot v1, https://goo.gl/fbAQLP

exports[`should test Prisma client and PgBouncer should fail with docker pgbouncer without the pgbouncer query string param 1`] = `
"Error: [2mexpect([22m[31mreceived[39m[2m).[22mtoEqual[2m([22m[32mexpected[39m[2m) // deep equality[22m

Expected: [32m0[39m
Received: [31m1[39m"
`;

exports[`should test Prisma client and PgBouncer should work with docker pgbouncer with the pgbouncer query string param 1`] = `
Array [
  Object {
    "email": "alice-d97227bb-97b6-4a6d-81bf-04322b686165@prisma.io",
    "id": "d97227bb-97b6-4a6d-81bf-04322b686165",
    "name": "Alice",
  },
]
`;

exports[`should test Prisma client and PgBouncer should work with docker pgbouncer with the pgbouncer query string param 2`] = `
Array [
  Object {
    "email": "alice-d97227bb-97b6-4a6d-81bf-04322b686165@prisma.io",
    "id": "d97227bb-97b6-4a6d-81bf-04322b686165",
    "name": "Alice",
  },
]
`;
